// Jest Snapshot v1, https://jestjs.io/docs/snapshot-testing

exports[`FollowedArtistsReleases matches snapshot 1`] = `
<div>
  <div
    class="flex flex-col flex-1 items-center mb-4 w-full"
  >
    <h2
      class="text-2xl font-bold mb-4"
    >
      New Releases
    </h2>
    <div
      class="w-full overflow-auto max-h-screen px-4"
    >
      <div
        class="mb-6"
      >
        <h3
          class="text-lg font-semibold mb-3 sticky top-0 bg-white dark:bg-gray-900 py-2"
        >
          October 1, 2025
        </h3>
        <div
          class="grid grid-cols-1 md:grid-cols-2 lg:grid-cols-3 gap-4"
        >
          <div
            class="border rounded-lg p-4 hover:shadow-lg transition-shadow bg-white dark:bg-gray-800"
          >
            <div
              class="flex items-start space-x-3"
            >
              <div
                class="flex-1"
              >
                <h4
                  class="font-semibold text-sm"
                >
                  Test Album
                </h4>
                <p
                  class="text-sm text-gray-600 dark:text-gray-400"
                >
                  Test Artist
                </p>
                <p
                  class="text-xs text-gray-500 mt-1 capitalize"
                >
                  album
                </p>
                <a
                  class="text-xs text-green-600 hover:text-green-700 mt-2 inline-block"
                  href="https://open.spotify.com/album/123abc"
                  rel="noopener noreferrer"
                  target="_blank"
                >
                  View on Spotify
                   →
                </a>
              </div>
            </div>
          </div>
          <div
            class="border rounded-lg p-4 hover:shadow-lg transition-shadow bg-white dark:bg-gray-800"
          >
            <div
              class="flex items-start space-x-3"
            >
              <div
                class="flex-1"
              >
                <h4
                  class="font-semibold text-sm"
                >
                  Test Single
                </h4>
                <p
                  class="text-sm text-gray-600 dark:text-gray-400"
                >
                  Another Artist, Featured Artist
                </p>
                <p
                  class="text-xs text-gray-500 mt-1 capitalize"
                >
                  single
                </p>
                <a
                  class="text-xs text-green-600 hover:text-green-700 mt-2 inline-block"
                  href="https://open.spotify.com/album/456def"
                  rel="noopener noreferrer"
                  target="_blank"
                >
                  View on Spotify
                   →
                </a>
              </div>
            </div>
          </div>
        </div>
      </div>
      <div
        class="mb-6"
      >
        <h3
          class="text-lg font-semibold mb-3 sticky top-0 bg-white dark:bg-gray-900 py-2"
        >
          September 15, 2025
        </h3>
        <div
          class="grid grid-cols-1 md:grid-cols-2 lg:grid-cols-3 gap-4"
        >
          <div
            class="border rounded-lg p-4 hover:shadow-lg transition-shadow bg-white dark:bg-gray-800"
          >
            <div
              class="flex items-start space-x-3"
            >
              <div
                class="flex-1"
              >
                <h4
                  class="font-semibold text-sm"
                >
                  Old Album
                </h4>
                <p
                  class="text-sm text-gray-600 dark:text-gray-400"
                >
                  Test Artist
                </p>
                <p
                  class="text-xs text-gray-500 mt-1 capitalize"
                >
                  album
                </p>
                <a
                  class="text-xs text-green-600 hover:text-green-700 mt-2 inline-block"
                  href="https://open.spotify.com/album/789ghi"
                  rel="noopener noreferrer"
                  target="_blank"
                >
                  View on Spotify
                   →
                </a>
              </div>
            </div>
          </div>
        </div>
      </div>
    </div>
  </div>
</div>
`;
