// Jest Snapshot v1, https://goo.gl/fbAQLP

exports[`Search should handle the search action of the user 1`] = `
<div>
  <div
    class="relative flex lg:justify-center items-center flex-none h-16 md:h-20 md:border-b-2 rr-border w-full"
  >
    <form
      class="flex justify-between md:justify-between items-stretch w-full my-3"
      novalidate=""
    >
      <div
        class="relative flex-1 mr-4"
      >
        <input
          class="rr-input w-full pr-20"
          name="search"
          placeholder="Search for an artist"
          type="text"
          value="Sam Gendel"
        />
        <div
          class="absolute right-3 top-1/2 -translate-y-1/2 flex items-center pointer-events-none"
          style="margin-top: -3px;"
        >
          <div
            class="flex items-center gap-0.5"
          >
            <kbd
              class="inline-flex items-center justify-center h-5 px-1.5 text-xs font-medium text-gray-400 bg-gray-50 border border-gray-200 rounded dark:bg-gray-800 dark:text-gray-500 dark:border-gray-600"
            >
              Ctrl
            </kbd>
            <kbd
              class="inline-flex items-center justify-center h-5 px-1.5 text-xs font-medium text-gray-400 bg-gray-50 border border-gray-200 rounded dark:bg-gray-800 dark:text-gray-500 dark:border-gray-600"
            >
              K
            </kbd>
          </div>
        </div>
      </div>
      <button
        class="btn flex btn-large md:ml-52"
        type="submit"
      >
        <svg
          class="h-6 w-6 icon-colour"
          fill="none"
          role="img"
          stroke="currentColor"
          viewBox="0 0 24 24"
        >
          <path
            d="M21 21l-6-6m2-5a7 7 0 11-14 0 7 7 0 0114 0z"
            stroke-linecap="round"
            stroke-linejoin="round"
            stroke-width="1.5"
          />
        </svg>
      </button>
    </form>
  </div>
</div>
`;
