// Jest Snapshot v1, https://goo.gl/fbAQLP

exports[`Footer renders with data 1`] = `
<div>
  <footer
    class="rr-column flex-none h-16 border-t-2 rr-border justify-center"
  >
    <a
      class="flex items-center rr-text"
      href="https://github.com/jaivalis/release-raccoon"
      rel="noopener noreferrer"
      target="_blank"
    >
      Powered by
      <div
        class="mx-2"
      >
        <svg
          class="h-8 w-8 icon-colour"
          fill="none"
          height="24"
          role="img"
          stroke="currentColor"
          stroke-linecap="round"
          stroke-linejoin="round"
          stroke-width="1.5"
          viewBox="0 0 24 24"
          width="24"
        >
          <path
            d="M0 0h24v24H0z"
            stroke="none"
          />
          <path
            d="M9 19c-4.286 1.35-4.286-2.55-6-3m12 5v-3.5c0-1 .099-1.405-.5-2 2.791-.3 5.5-1.366 5.5-6.04a4.567 4.567 0 00-1.333-3.21 4.192 4.192 0 00-.08-3.227s-1.05-.3-3.476 1.267a12.334 12.334 0 00-6.222 0C6.462 2.723 5.413 3.023 5.413 3.023a4.192 4.192 0 00-.08 3.227A4.566 4.566 0 004 9.486c0 4.64 2.709 5.68 5.5 6.014-.591.589-.56 1.183-.5 2V21"
          />
        </svg>
      </div>
    </a>
  </footer>
</div>
`;
