// Jest Snapshot v1, https://goo.gl/fbAQLP

exports[`FormInput matches snapshot 1`] = `
<div>
  <form
    class="flex justify-between md:justify-between items-stretch w-full my-3"
    novalidate=""
  >
    <input
      class="mr-4 px-3 py-2 min-m-lg border-2 rounded-lg rr-border dark:bg-gh-darkly rr-text w-full transition-all focus:outline-none focus:ring-2 focus:ring-blue-500 dark:focus:ring-blue-400"
      name="search"
      placeholder="Search for an artist"
      type="text"
      value=""
    />
  </form>
</div>
`;
