// Jest Snapshot v1, https://goo.gl/fbAQLP

exports[`FormInput matches snapshot 1`] = `
<div>
  <form
    class="flex justify-between md:justify-between items-stretch h-10 w-full my-3"
    novalidate=""
  >
    <input
      class="mr-4 px-2 min-m-lg border-b-2 rr-border dark:bg-gh-darkly rr-text w-full"
      name="search"
      placeholder="Here goes the artist.."
      type="text"
      value=""
    />
  </form>
</div>
`;
