// Jest Snapshot v1, https://goo.gl/fbAQLP

exports[`FormInput matches snapshot 1`] = `
<div>
  <form
    class="flex justify-between md:justify-between items-stretch w-full my-3"
    novalidate=""
  >
    <input
      class="mr-4 rr-input w-full"
      name="search"
      placeholder="Search for an artist"
      type="text"
      value=""
    />
  </form>
</div>
`;
